// Jest Snapshot v1, https://goo.gl/fbAQLP

exports[`components/post_view/app_post_embeds/button_binding/button_binding should match snapshot 1`] = `
<button
  onClick={[Function]}
>
  <LoadingWrapper
    loading={false}
    text={null}
  >
    <Connect(Markdown)
      options={
        Object {
          "autolinkedUrlSchemes": Array [],
          "markdown": false,
          "mentionHighlight": false,
        }
      }
    />
  </LoadingWrapper>
</button>
`;
