// Jest Snapshot v1, https://goo.gl/fbAQLP

exports[`components/apps_model/AppsFormContainer should match snapshot 1`] = `
<injectIntl(AppsForm)
  actions={
    Object {
      "performLookupCall": [Function],
      "refreshOnSelect": [Function],
      "submit": [Function],
    }
  }
  call={
    Object {
      "context": Object {
        "app_id": "app",
        "channel_id": "channel",
        "location": "/in_post",
        "post_id": "post",
        "team_id": "team",
      },
      "url": "/form_url",
    }
  }
  emojiMap={
    EmojiMap {
      "customEmojis": Map {},
      "customEmojisArray": Array [],
    }
  }
  form={
    Object {
      "fields": Array [
        Object {
          "name": "field1",
          "type": "text",
          "value": "initial_value_1",
        },
        Object {
          "name": "field2",
          "refresh": true,
          "type": "static_select",
          "value": "initial_value_2",
        },
      ],
      "header": "Form Header",
      "title": "Form Title",
    }
  }
  isEmbedded={false}
  onHide={[Function]}
/>
`;
