// Jest Snapshot v1, https://goo.gl/fbAQLP

exports[`components/post_view/app_post_embeds/app_post_embed should match snapshot 1`] = `
<div
  className="attachment"
  onClick={[Function]}
>
  <div
    className="attachment__content"
  >
    <div
      className="clearfix attachment__container attachment__container--"
    >
      <h1
        className="attachment__title"
      >
        <Connect(Markdown)
          message="some title"
          options={
            Object {
              "autolinkedUrlSchemes": Array [],
              "mentionHighlight": false,
              "renderer": LinkOnlyRenderer {
                "options": Object {},
              },
            }
          }
        />
      </h1>
      <div>
        <div
          className="attachment__body attachment__body--no_thumb"
        >
          <Connect(ShowMore)
            isAttachmentText={true}
            text="some text"
          >
            <Connect(Markdown)
              message="some text"
            />
          </Connect(ShowMore)>
        </div>
        <div
          style={
            Object {
              "clear": "both",
            }
          }
        />
      </div>
    </div>
  </div>
</div>
`;

exports[`components/post_view/app_post_embeds/app_post_embed should match snapshot when the attachment has a link in the title 1`] = `
<div
  className="attachment"
  onClick={[Function]}
>
  <div
    className="attachment__content"
  >
    <div
      className="clearfix attachment__container attachment__container--"
    >
      <h1
        className="attachment__title"
      >
        <Connect(Markdown)
          message="some title"
          options={
            Object {
              "autolinkedUrlSchemes": Array [],
              "mentionHighlight": false,
              "renderer": LinkOnlyRenderer {
                "options": Object {},
              },
            }
          }
        />
      </h1>
      <div>
        <div
          className="attachment__body attachment__body--no_thumb"
        >
          <Connect(ShowMore)
            isAttachmentText={true}
            text="some text"
          >
            <Connect(Markdown)
              message="some text"
            />
          </Connect(ShowMore)>
        </div>
        <div
          style={
            Object {
              "clear": "both",
            }
          }
        />
      </div>
    </div>
  </div>
</div>
`;

exports[`components/post_view/app_post_embeds/app_post_embed should match snapshot when the attachment has an emoji in the title 1`] = `
<div
  className="attachment"
  onClick={[Function]}
>
  <div
    className="attachment__content"
  >
    <div
      className="clearfix attachment__container attachment__container--"
    >
      <h1
        className="attachment__title"
      >
        <Connect(Markdown)
          message="some title"
          options={
            Object {
              "autolinkedUrlSchemes": Array [],
              "mentionHighlight": false,
              "renderer": LinkOnlyRenderer {
                "options": Object {},
              },
            }
          }
        />
      </h1>
      <div>
        <div
          className="attachment__body attachment__body--no_thumb"
        >
          <Connect(ShowMore)
            isAttachmentText={true}
            text="some text"
          >
            <Connect(Markdown)
              message="some text"
            />
          </Connect(ShowMore)>
        </div>
        <div
          style={
            Object {
              "clear": "both",
            }
          }
        />
      </div>
    </div>
  </div>
</div>
`;

exports[`components/post_view/app_post_embeds/app_post_embed should match snapshot when the attachment hasn't any emojis in the title 1`] = `
<div
  className="attachment"
  onClick={[Function]}
>
  <div
    className="attachment__content"
  >
    <div
      className="clearfix attachment__container attachment__container--"
    >
      <h1
        className="attachment__title"
      >
        <Connect(Markdown)
          message="some title"
          options={
            Object {
              "autolinkedUrlSchemes": Array [],
              "mentionHighlight": false,
              "renderer": LinkOnlyRenderer {
                "options": Object {},
              },
            }
          }
        />
      </h1>
      <div>
        <div
          className="attachment__body attachment__body--no_thumb"
        >
          <Connect(ShowMore)
            isAttachmentText={true}
            text="some text"
          >
            <Connect(Markdown)
              message="some text"
            />
          </Connect(ShowMore)>
        </div>
        <div
          style={
            Object {
              "clear": "both",
            }
          }
        />
      </div>
    </div>
  </div>
</div>
`;
